6 11001110 0 0011100 1 1111011 2 0011101 3 110001 4 0001010 5 0001011 6 00011 8 110000 9 1111010 10 111100 11 110010 12 0110 13 0000 14 11011 15 010 16 1000 17 101 18 1110 19 11111 20 1001 21 0111 22 00110 23 0010 24 001111 25 11010 26 000100 27 1100110 29 11001111 33
¤QÖ|ÕÔ¬ø×3Ë
ÜIÏÓEÌúöä9ú¨7âçÃ
É»bâv¸¡†Æüð›Z»y§¸ÂïòN¬›³”§Æ	Ç£¹¤ów~ösËïdCR„|Ö³Y×ý(·¶ýü€0